../Core/Src/main.c:506:6:HAL_UART_TxCpltCallback	0	static
../Core/Src/main.c:591:6:Error_Handler	8	static,ignoring_inline_asm
../Core/Src/main.c:166:6:SystemClock_Config	88	static
../Core/Src/main.c:489:6:ESP8266_SendCommand	8	static
../Core/Src/main.c:450:6:ESP8266_SendServer	144	static
../Core/Src/main.c:481:6:ESP8266_Connect_To_WiFi	48	static
../Core/Src/main.c:439:6:ESP8266_Init	8	static
../Core/Src/main.c:87:5:main	80	static
../Core/Src/main.c:522:7:HAL_ADC_ConvCpltCallback	8	static
../Core/Src/main.c:554:8:HAL_TIM_PeriodElapsedCallback	8	static
../Core/Src/main.c:571:8:HAL_GPIO_EXTI_Callback	8	static
