../Core/Src/main.c:87:5:main	8	static
../Core/Src/main.c:166:6:SystemClock_Config	88	static
../Core/Src/main.c:212:13:MX_ADC1_Init	24	static
../Core/Src/main.c:264:13:MX_TIM2_Init	32	static
../Core/Src/main.c:309:13:MX_USART2_UART_Init	8	static
../Core/Src/main.c:342:13:MX_GPIO_Init	40	static
../Core/Src/main.c:380:6:ESP8266_Init	8	static
../Core/Src/main.c:391:6:ESP8266_SendServer	144	static
../Core/Src/main.c:422:6:ESP8266_Connect_To_WiFi	56	static
../Core/Src/main.c:430:6:ESP8266_SendCommand	16	static
../Core/Src/main.c:447:6:HAL_UART_TxCpltCallback	16	static
../Core/Src/main.c:460:7:HAL_ADC_ConvCpltCallback	16	static
../Core/Src/main.c:483:8:HAL_TIM_PeriodElapsedCallback	16	static
../Core/Src/main.c:504:8:HAL_GPIO_EXTI_Callback	16	static
../Core/Src/main.c:524:6:Error_Handler	8	static,ignoring_inline_asm
